// Jest Snapshot v1, https://goo.gl/fbAQLP

exports[`initial props render properly with default props 1`] = `"<div style=\\"position: relative;\\"><i data-reactroot=\\"\\"></i><div class=\\"LoadingSignal__local LoadingSignal__loading\\" style=\\"visibility: hidden;\\"><div data-reactroot=\\"\\" class=\\"LoadingSignal__blobs\\"></div></div></div>"`;
