// Jest Snapshot v1, https://goo.gl/fbAQLP

exports[`json full matches 1`] = `
Object {
  "blobs": "LoadingSignal__blobs",
  "global": "LoadingSignal__global LoadingSignal__loading",
  "globalMasked": "LoadingSignal__globalMasked LoadingSignal__global LoadingSignal__loading LoadingSignal__masked",
  "loading": "LoadingSignal__loading",
  "local": "LoadingSignal__local LoadingSignal__loading",
  "localMasked": "LoadingSignal__localMasked LoadingSignal__local LoadingSignal__loading LoadingSignal__masked",
  "masked": "LoadingSignal__masked",
  "messageList": "LoadingSignal__messageList",
  "progress": "LoadingSignal__progress",
  "spinning": "LoadingSignal__spinning",
}
`;
